// Jest Snapshot v1, https://goo.gl/fbAQLP

exports[`Phrase Player Phrase Player component 1`] = `
<span
  className="test-component"
>
  <section
    className="card phrase-player none "
  >
    <div
      className="token-container "
    >
      <div
        className="token-target"
        onDragOver={[Function]}
        onDrop={[Function]}
      >
        Drag and drop the words below to arrange them.
      </div>
      <span
        className="fakeout-tip "
      >
        <span
          className="icon-notification"
        />
        Not all of the items below may be part of the correct phrase.
      </span>
    </div>
    <section
      className="token-drawer none "
      onDragOver={[Function]}
      onDrop={[Function]}
    >
      <div
        className="token   "
        draggable={true}
        onContextMenu={[Function]}
        onDrag={[Function]}
        onDragEnd={[Function]}
        onDragStart={[Function]}
        style={
          Object {
            "background": "#ffffff",
            "color": "#000000",
            "display": "inline-block",
          }
        }
      >
        This
      </div>
      <div
        className="token   "
        draggable={true}
        onContextMenu={[Function]}
        onDrag={[Function]}
        onDragEnd={[Function]}
        onDragStart={[Function]}
        style={
          Object {
            "background": "#ffffff",
            "color": "#000000",
            "display": "inline-block",
          }
        }
      >
        is
      </div>
      <div
        className="token   "
        draggable={true}
        onContextMenu={[Function]}
        onDrag={[Function]}
        onDragEnd={[Function]}
        onDragStart={[Function]}
        style={
          Object {
            "background": "#ffffff",
            "color": "#000000",
            "display": "inline-block",
          }
        }
      >
        a
      </div>
      <div
        className="token   "
        draggable={true}
        onContextMenu={[Function]}
        onDrag={[Function]}
        onDragEnd={[Function]}
        onDragStart={[Function]}
        style={
          Object {
            "background": "#ffffff",
            "color": "#000000",
            "display": "inline-block",
          }
        }
      >
        test
      </div>
      <section
        className="response-controls"
      >
        <div
          className="response-message-container"
        >
          <span>
            NONE
          </span>
        </div>
        <div
          className="button-container"
        >
          <button
            className="verify show"
            onClick={[Function]}
          >
            Check Answer
          </button>
          <button
            className="paginate show"
            onClick={[Function]}
          >
            Next Question
          </button>
        </div>
      </section>
    </section>
  </section>
</span>
`;
