// Jest Snapshot v1, https://goo.gl/fbAQLP

exports[`Token Token Component 1`] = `
<span
  className="test-component"
>
  <button
    aria-label="Test, undefined, unsorted"
    className="token   "
    draggable={true}
    onClick={[Function]}
    onContextMenu={[Function]}
    onDrag={[Function]}
    onDragEnd={[Function]}
    onDragStart={[Function]}
    onFocus={[Function]}
    onKeyDown={[Function]}
    style={
      Object {
        "background": "#ffffff",
        "color": "#000000",
        "display": "inline-block",
      }
    }
  >
    Test
  </button>
</span>
`;
