// Jest Snapshot v1, https://goo.gl/fbAQLP

exports[`Token Drawer Token Drawer component 1`] = `
<span
  className="test-component"
>
  <section
    className="token-drawer none "
    onDragOver={[Function]}
    onDrop={[Function]}
  >
    <div
      aria-describedby="token-drawer-desc"
      role="group"
    >
      <p
        id="token-drawer-desc"
      >
        Token Drawer
      </p>
      <button
        aria-label="This, undefined, unsorted"
        className="token   "
        draggable={true}
        onClick={[Function]}
        onContextMenu={[Function]}
        onDrag={[Function]}
        onDragEnd={[Function]}
        onDragStart={[Function]}
        onFocus={[Function]}
        onKeyDown={[Function]}
        style={
          Object {
            "background": "#ffffff",
            "color": "#000000",
            "display": "inline-block",
          }
        }
      >
        This
      </button>
      <button
        aria-label="is, undefined, unsorted"
        className="token   "
        draggable={true}
        onClick={[Function]}
        onContextMenu={[Function]}
        onDrag={[Function]}
        onDragEnd={[Function]}
        onDragStart={[Function]}
        onFocus={[Function]}
        onKeyDown={[Function]}
        style={
          Object {
            "background": "#ffffff",
            "color": "#000000",
            "display": "inline-block",
          }
        }
      >
        is
      </button>
      <button
        aria-label="a, undefined, unsorted"
        className="token   "
        draggable={true}
        onClick={[Function]}
        onContextMenu={[Function]}
        onDrag={[Function]}
        onDragEnd={[Function]}
        onDragStart={[Function]}
        onFocus={[Function]}
        onKeyDown={[Function]}
        style={
          Object {
            "background": "#ffffff",
            "color": "#000000",
            "display": "inline-block",
          }
        }
      >
        a
      </button>
      <button
        aria-label="test, undefined, unsorted"
        className="token   "
        draggable={true}
        onClick={[Function]}
        onContextMenu={[Function]}
        onDrag={[Function]}
        onDragEnd={[Function]}
        onDragStart={[Function]}
        onFocus={[Function]}
        onKeyDown={[Function]}
        style={
          Object {
            "background": "#ffffff",
            "color": "#000000",
            "display": "inline-block",
          }
        }
      >
        test
      </button>
    </div>
    <section
      className="response-controls"
    >
      <div
        className="response-message-container"
      >
        <div
          id="response-dialog-desc"
          tabindex="0"
        >
          <span>
            NONE
          </span>
        </div>
      </div>
      <div
        className="button-container"
      >
        <button
          aria-describedby="response-dialog-desc"
          className="verify show"
          id="check-question-btn"
          onClick={[Function]}
        >
          Check Answer
        </button>
        <button
          aria-describedby="response-dialog-desc"
          className="paginate show"
          id="next-question-btn"
          onClick={[Function]}
        >
          Next Question
        </button>
      </div>
    </section>
  </section>
</span>
`;
