// Jest Snapshot v1, https://goo.gl/fbAQLP

exports[`Warning Modal Warning Modal Component 1`] = `
<span
  className="test-component"
>
  <div
    className="warning-wrapper"
    style={
      Object {
        "display": "none",
      }
    }
  >
    <div
      aria-describedby="warning-desc"
      aria-labelledby="dev-warning"
      aria-model="true"
      className="warning"
      role="alertdialog"
    >
      <p
        id="dev-warning"
      >
        You still have unfinished questions.
      </p>
      <div>
        <h3>
          Are you sure you want to submit?
        </h3>
        <div
          className="warning-submit-holder"
        >
          <button
            id="warning-submit-btn"
            onClick={[Function]}
          >
            No
          </button>
          <button
            onClick={[MockFunction]}
          >
            Yes
          </button>
        </div>
      </div>
    </div>
    <div
      className="warning-bg"
    />
  </div>
</span>
`;
